Flutter crash report.
Please report a bug at https://github.com/flutter/flutter/issues.

## command

flutter gen-l10n --arb-dir=lib/l10n --template-arb-file=app_en.arb --output-localization-file=lib/l10n/app_localizations.dart

## exception

PathNotFoundException: PathNotFoundException: Cannot open file, path = '/Users/macbookpro/development/simtack/.dart_tool/flutter_gen/gen_l10n/lib/l10n/app_localizations.dart' (OS Error: No such file or directory, errno = 2)

```
#0      _File.throwIfError (dart:io/file_impl.dart:675:7)
#1      _File.openSync (dart:io/file_impl.dart:490:5)
#2      _File.writeAsBytesSync (dart:io/file_impl.dart:644:31)
#3      _File.writeAsStringSync (dart:io/file_impl.dart:668:5)
#4      ForwardingFile.writeAsStringSync (package:file/src/forwarding/forwarding_file.dart:150:16)
#5      ErrorHandlingFile.writeAsStringSync.<anonymous closure> (package:flutter_tools/src/base/error_handling_io.dart:274:22)
#6      _runSync (package:flutter_tools/src/base/error_handling_io.dart:595:14)
#7      ErrorHandlingFile.writeAsStringSync (package:flutter_tools/src/base/error_handling_io.dart:273:5)
#8      LocalizationsGenerator.writeOutputFiles (package:flutter_tools/src/localizations/gen_l10n.dart:1379:20)
#9      generateLocalizations (package:flutter_tools/src/localizations/gen_l10n.dart:79:9)
#10     GenerateLocalizationsCommand.runCommand (package:flutter_tools/src/commands/generate_localizations.dart:264:11)
#11     FlutterCommand.verifyThenRunCommand (package:flutter_tools/src/runner/flutter_command.dart:1758:12)
<asynchronous suspension>
#12     FlutterCommand.run.<anonymous closure> (package:flutter_tools/src/runner/flutter_command.dart:1394:27)
<asynchronous suspension>
#13     AppContext.run.<anonymous closure> (package:flutter_tools/src/base/context.dart:153:19)
<asynchronous suspension>
#14     CommandRunner.runCommand (package:args/command_runner.dart:212:13)
<asynchronous suspension>
#15     FlutterCommandRunner.runCommand.<anonymous closure> (package:flutter_tools/src/runner/flutter_command_runner.dart:372:9)
<asynchronous suspension>
#16     AppContext.run.<anonymous closure> (package:flutter_tools/src/base/context.dart:153:19)
<asynchronous suspension>
#17     FlutterCommandRunner.runCommand (package:flutter_tools/src/runner/flutter_command_runner.dart:308:5)
<asynchronous suspension>
#18     run.<anonymous closure>.<anonymous closure> (package:flutter_tools/runner.dart:130:9)
<asynchronous suspension>
#19     AppContext.run.<anonymous closure> (package:flutter_tools/src/base/context.dart:153:19)
<asynchronous suspension>
#20     main (package:flutter_tools/executable.dart:93:3)
<asynchronous suspension>
```

## flutter doctor

```
[!] Flutter (Channel [user-branch], 3.22.4-0.0.pre.1, on macOS 13.7.8 22H730 darwin-x64, locale en-GB)
    ! Flutter version 3.22.4-0.0.pre.1 on channel [user-branch] at /Users/macbookpro/development/flutter
      Currently on an unknown channel. Run `flutter channel` to switch to an official channel.
      If that doesn't fix the issue, reinstall Flutter by following instructions at https://flutter.dev/docs/get-started/install.
    ! Upstream repository unknown source is not a standard remote.
      Set environment variable "FLUTTER_GIT_URL" to unknown source to dismiss this error.
    • Framework revision 938c2d0ee1 (6 weeks ago), 2026-08-26 23:13:20 +0300
    • Engine revision 235db911ba
    • Dart version 3.4.4
    • DevTools version 2.34.3
    • If those were intentional, you can disregard the above warnings; however it is recommended to use "git" directly to perform update checks and upgrades.

[✓] Android toolchain - develop for Android devices (Android SDK version 36.0.0)
    • Android SDK at /Users/macbookpro/Library/Android/sdk
    • Platform android-37.0, build-tools 36.0.0
    • Java binary at: /Applications/Android Studio.app/Contents/jbr/Contents/Home/bin/java
    • Java version OpenJDK Runtime Environment (build 25.0.2+-15348964-b329.117)
    • All Android licenses accepted.

[✗] Xcode - develop for iOS and macOS
    ✗ Xcode installation is incomplete; a full installation is necessary for iOS and macOS development.
      Download at: https://developer.apple.com/xcode/
      Or install Xcode via the App Store.
      Once installed, run:
        sudo xcode-select --switch /Applications/Xcode.app/Contents/Developer
        sudo xcodebuild -runFirstLaunch
    ✗ CocoaPods not installed.
        CocoaPods is used to retrieve the iOS and macOS platform side's plugin code that responds to your plugin usage on the Dart side.
        Without CocoaPods, plugins will not work on iOS or macOS.
        For more info, see https://flutter.dev/platform-plugins
      To install see https://guides.cocoapods.org/using/getting-started.html#installation for instructions.

[✓] Chrome - develop for the web
    • Chrome at /Applications/Google Chrome.app/Contents/MacOS/Google Chrome

[✓] Android Studio (version 2026.1)
    • Android Studio at /Applications/Android Studio.app/Contents
    • Flutter plugin can be installed from:
      🔨 https://plugins.jetbrains.com/plugin/9212-flutter
    • Dart plugin can be installed from:
      🔨 https://plugins.jetbrains.com/plugin/6351-dart
    • Java version OpenJDK Runtime Environment (build 25.0.2+-15348964-b329.117)

[✓] VS Code (version 1.138.0)
    • VS Code at /Applications/Visual Studio Code.app/Contents
    • Flutter extension version 3.145.20260930

[✓] Connected device (2 available)
    • macOS (desktop) • macos  • darwin-x64     • macOS 13.7.8 22H730 darwin-x64
    • Chrome (web)    • chrome • web-javascript • Google Chrome 154.0.8037.98

[✓] Network resources
    • All expected network resources are available.

! Doctor found issues in 2 categories.
```
